<html>
<body>
<pre>
<h1>礦ision Build Log</h1>
<h2>Tool Versions:</h2>
IDE-Version: μVision V5.25.2.0
Copyright (C) 2018 ARM Ltd and ARM Germany GmbH. All rights reserved.
License Information: fan yang, nuist, LIC=Y2BVE-5BD3F-23TM4-F6844-JHCEQ-PW80N
 
Tool Versions:
Toolchain:       MDK-ARM Professional  Version: 5.25.2.0
Toolchain Path:  C:\Keil_v5\ARM\ARMCC\Bin
C Compiler:      Armcc.exe V5.06 update 6 (build 750)
Assembler:       Armasm.exe V5.06 update 6 (build 750)
Linker/Locator:  ArmLink.exe V5.06 update 6 (build 750)
Library Manager: ArmAr.exe V5.06 update 6 (build 750)
Hex Converter:   FromElf.exe V5.06 update 6 (build 750)
CPU DLL:         SARMCM3.DLL V5.25.2.0
Dialog DLL:      DCM.DLL V1.17.1.0
Target DLL:      Segger\JL2CM3.dll V2.99.29.0
Dialog DLL:      TCM.DLL V1.35.1.0
 
<h2>Project:</h2>
C:\Users\fan\Documents\WeChat Files\fanyang15307505\FileStorage\File\2021-04\GD32E103RB_V2.0_4.24\GD32E103RB_V2.0_4.24\GD32E103RB_V1.0_Keil\gd32.uvprojx
Project File Date:  04/28/2021

<h2>Output:</h2>
*** Using Compiler 'V5.06 update 6 (build 750)', folder: 'C:\Keil_v5\ARM\ARMCC\Bin'
Build target 'Target 1'
compiling bsp_n58.c...
..\BSP\src\bsp_n58.c(102): warning:  #167-D: argument of type "uint8_t *" is incompatible with parameter of type "const char *"
  	sprintf((char *)txbuffer1,"AT+HTTPSACTION=2,%d,3\r\n",strlen(xml));//与微信支付接口建立连接	
..\BSP\src\bsp_n58.c(113): warning:  #167-D: argument of type "uint8_t *" is incompatible with parameter of type "const char *"
  	tx_size = strlen(xml);
..\BSP\src\bsp_n58.c(98): warning:  #550-D: variable "str"  was set but never used
  	char *str;
..\BSP\src\bsp_n58.c(130): warning:  #144-D: a value of type "uint8_t *" cannot be used to initialize an entity of type "char *"
  		char *buff_p = rxbuffer;
..\BSP\src\bsp_n58.c(143): warning:  #167-D: argument of type "char *" is incompatible with parameter of type "uint8_t *"
          Debug_SendString(essid);
..\BSP\src\bsp_n58.c(168): warning:  #167-D: argument of type "uint8_t *" is incompatible with parameter of type "const char *"
  		sprintf((char *)txbuffer1,"AT+HTTPSACTION=2,%d,3\r\n",strlen(check_xml));//与微信查询接口建立连接	
..\BSP\src\bsp_n58.c(178): warning:  #167-D: argument of type "uint8_t *" is incompatible with parameter of type "const char *"
  		tx_size = strlen(check_xml);
..\BSP\src\bsp_n58.c(165): warning:  #550-D: variable "str"  was set but never used
  		char *str;
..\BSP\src\bsp_n58.c(192): warning:  #144-D: a value of type "uint8_t *" cannot be used to initialize an entity of type "char *"
  		char *buff_p = rxbuffer;
..\BSP\src\bsp_n58.c(202): warning:  #167-D: argument of type "char *" is incompatible with parameter of type "uint8_t *"
  				Debug_SendString(essid);
..\BSP\src\bsp_n58.c: 10 warnings, 0 errors
linking...
Program Size: Code=50952 RO-data=64272 RW-data=1292 ZI-data=10092  
FromELF: creating hex file...
".\Objects\gd32.axf" - 0 Error(s), 10 Warning(s).

<h2>Software Packages used:</h2>

Package Vendor: GigaDevice
                http://gd32mcu.21ic.com/data/documents/yingyongruanjian/GigaDevice.GD32E10x_DFP.1.0.2.pack
                GigaDevice.GD32E10x_DFP.1.0.2
                GigaDevice GD32E10x Series Device Support and Examples

<h2>Collection of Component include folders:</h2>
  .\RTE\_Target_1
  C:\Keil_v5\ARM\PACK\GigaDevice\GD32E10x_DFP\1.0.2\Device\Include

<h2>Collection of Component Files used:</h2>
Build Time Elapsed:  00:00:01
</pre>
</body>
</html>
